// Vitest Snapshot v1, https://vitest.dev/guide/snapshot.html

exports[`Utils > CripToe > Methods > Sha256 should return a hashed string 1`] = `"b67d1b3ab0d839eb8bc1156b8717bb441c897fcab323374e2ae530a40632feba"`;

exports[`Utils > CripToe > Methods > Sha256 should return a hashed string 2`] = `"b67d1b3ab0d839eb8bc1156b8717bb441c897fcab323374e2ae530a40632feba"`;

exports[`Utils > CripToe > Methods > Sha256 should return a hashed string 3`] = `"b67d1b3ab0d839eb8bc1156b8717bb441c897fcab323374e2ae530a40632feba"`;

exports[`Utils > CripToe > Methods > Sha256 should return a hashed string 4`] = `"b67d1b3ab0d839eb8bc1156b8717bb441c897fcab323374e2ae530a40632feba"`;

exports[`Utils > CripToe > Methods > Sha256 should return a hashed string 5`] = `"b67d1b3ab0d839eb8bc1156b8717bb441c897fcab323374e2ae530a40632feba"`;

exports[`Utils > CripToe > Methods > Sha256 should return a hashed string 6`] = `"b67d1b3ab0d839eb8bc1156b8717bb441c897fcab323374e2ae530a40632feba"`;

exports[`Utils > CripToe > Methods > Sha256 should return a hashed string 7`] = `"b67d1b3ab0d839eb8bc1156b8717bb441c897fcab323374e2ae530a40632feba"`;

exports[`Utils > CripToe > Methods > Sha256 should return a hashed string 8`] = `"b67d1b3ab0d839eb8bc1156b8717bb441c897fcab323374e2ae530a40632feba"`;

exports[`Utils > CripToe > Methods > Sha256 should return a hashed string 9`] = `"b67d1b3ab0d839eb8bc1156b8717bb441c897fcab323374e2ae530a40632feba"`;
